cJSON_Utils.c:66:23:cJSONUtils_strdup	24	static
cJSON_Utils.c:83:12:compare_strings	40	static
cJSON_Utils.c:112:19:compare_double	56	static
cJSON_Utils.c:120:19:compare_pointers	40	static
cJSON_Utils.c:157:15:pointer_encoded_length	24	static
cJSON_Utils.c:173:13:encode_string_as_pointer	16	static
cJSON_Utils.c:198:22:cJSONUtils_FindPointerFromObjectTo	48	static
cJSON_Utils.c:262:15:get_array_item	24	static
cJSON_Utils.c:274:19:decode_array_index_from_pointer	24	static
cJSON_Utils.c:301:15:get_item_from_pointer	32	static
cJSON_Utils.c:348:23:cJSONUtils_GetPointer	16	static
cJSON_Utils.c:353:23:cJSONUtils_GetPointerCaseSensitive	16	static
cJSON_Utils.c:359:13:decode_pointer_inplace	24	static
cJSON_Utils.c:393:15:detach_item_from_array	24	static
cJSON_Utils.c:426:15:detach_path	48	static
cJSON_Utils.c:480:15:sort_list	40	static
cJSON_Utils.c:591:13:sort_object	16	static
cJSON_Utils.c:600:19:compare_json	32	static
cJSON_Utils.c:689:19:insert_item_in_array	32	static
cJSON_Utils.c:726:15:get_object_item	24	static
cJSON_Utils.c:738:29:decode_patch_operation	24	static
cJSON_Utils.c:780:13:overwrite_item	16	static
cJSON_Utils.c:803:12:apply_patch	112	static
cJSON_Utils.c:1032:19:cJSONUtils_ApplyPatches	24	static
cJSON_Utils.c:1061:19:cJSONUtils_ApplyPatchesCaseSensitive	24	static
cJSON_Utils.c:1090:13:compose_patch	40	static
cJSON_Utils.c:1130:20:cJSONUtils_AddPatchToArray	32	static
cJSON_Utils.c:1135:13:create_patches	72	static
cJSON_Utils.c:1275:23:cJSONUtils_GeneratePatches	32	static
cJSON_Utils.c:1290:23:cJSONUtils_GeneratePatchesCaseSensitive	32	static
cJSON_Utils.c:1305:20:cJSONUtils_SortObject	16	static
cJSON_Utils.c:1310:20:cJSONUtils_SortObjectCaseSensitive	16	static
cJSON_Utils.c:1315:15:merge_patch	40	static
cJSON_Utils.c:1374:23:cJSONUtils_MergePatch	16	static
cJSON_Utils.c:1379:23:cJSONUtils_MergePatchCaseSensitive	16	static
cJSON_Utils.c:1384:15:generate_merge_patch	48	static
cJSON_Utils.c:1462:23:cJSONUtils_GenerateMergePatch	16	static
cJSON_Utils.c:1467:23:cJSONUtils_GenerateMergePatchCaseSensitive	16	static
